REGEXP
JitOrDie Ensure that -Djitordie switch is working \(see Bug 525550\)
JIT failed
.*
