// magic 2e0010
// Cpool numbers size 3 3 %
// Cpool strings count 5 size 33 37 %
// Cpool namespaces count 3 size 5 5 %
// Cpool nssets count 2 size 4 4 %
// Cpool names count 2 size 4 4 %
// MethodInfo count 1 size 5 5 %
// MetadataInfo count 0 size 1 1 %
// InstanceInfo count 0 size 1 1 %
// ClassInfo count 0 size 0 0%
// ScriptInfo size 3 3 %
// MethodBodies count 1 size 24 27 %
// script0

function script0$init():*	/* disp_id=0 method_id=0 */
{
  // local_count=2 max_scope=1 max_stack=2 code_len=15 code_offset=70
  0         getlocal0     	
  1         pushscope     	
  2         findpropstrict	{, private, }::print
  4         pushstring    	"PASSED!"
  6         callproperty  	{, private, }::print (1)
  9         coerce_a      	
  10        setlocal1     	
  11        getlocal1     	
  12        returnvalue   	
  13        kill          	1
}

// OPCODE	SIZE	% OF 15
// callproperty  	3	20%
// kill          	2	13%
// pushstring    	2	13%
// findpropstrict	2	13%
// pushscope     	1	6%
// returnvalue   	1	6%
// coerce_a      	1	6%
// getlocal0     	1	6%
// getlocal1     	1	6%
// setlocal1     	1	6%
