abcasm/syntaxErrors.abs

Unable to assemble abcasm/syntaxErrors.abs due to syntax errors:
line 43:1 Unimplemented opcode "zuul"
line 50:1 no viable alternative at input 'pushnull'
line 53:26 no viable alternative at input '44.2'
line 56:4 no viable alternative at input '11'
line 59:11 Unimplemented opcode "extra_operand"
line 62:11 no viable alternative at input '"zerg"'
line 65:2 Unimplemented opcode "foodle"
line 71:0 required (...)+ loop did not match anything at input '}'
